// Jest Snapshot v1, https://goo.gl/fbAQLP

exports[`<DogDetail /> Should render <DogsCard/> correctly 1`] = `[Function]`;
